
> webapp@0.0.0 build
> tsc -b && vite build

[36mvite v7.3.0 [32mbuilding client environment for production...[36m[39m
transforming...
[33mnode_modules/@mui/material/CssBaseline/index.js (1:0): Module level directives cause errors when bundled, "use client" in "node_modules/@mui/material/CssBaseline/index.js" was ignored.[39m
[33mnode_modules/@mui/material/styles/index.js (1:0): Module level directives cause errors when bundled, "use client" in "node_modules/@mui/material/styles/index.js" was ignored.[39m
[33mnode_modules/@mui/material/CssBaseline/CssBaseline.js (1:0): Module level directives cause errors when bundled, "use client" in "node_modules/@mui/material/CssBaseline/CssBaseline.js" was ignored.[39m
[33mnode_modules/@mui/material/styles/styled.js (1:0): Module level directives cause errors when bundled, "use client" in "node_modules/@mui/material/styles/styled.js" was ignored.[39m
[33mnode_modules/@mui/material/styles/useThemeProps.js (1:0): Module level directives cause errors when bundled, "use client" in "node_modules/@mui/material/styles/useThemeProps.js" was ignored.[39m
[33mnode_modules/@mui/material/styles/CssVarsProvider.js (1:0): Module level directives cause errors when bundled, "use client" in "node_modules/@mui/material/styles/CssVarsProvider.js" was ignored.[39m
[33mnode_modules/@mui/material/styles/useTheme.js (1:0): Module level directives cause errors when bundled, "use client" in "node_modules/@mui/material/styles/useTheme.js" was ignored.[39m
[33mnode_modules/@mui/material/styles/ThemeProvider.js (1:0): Module level directives cause errors when bundled, "use client" in "node_modules/@mui/material/styles/ThemeProvider.js" was ignored.[39m
[33mnode_modules/@mui/material/styles/defaultTheme.js (1:0): Module level directives cause errors when bundled, "use client" in "node_modules/@mui/material/styles/defaultTheme.js" was ignored.[39m
[33mnode_modules/@mui/system/esm/useThemeProps/index.js (1:0): Module level directives cause errors when bundled, "use client" in "node_modules/@mui/system/esm/useThemeProps/index.js" was ignored.[39m
[33mnode_modules/@mui/material/Alert/index.js (1:0): Module level directives cause errors when bundled, "use client" in "node_modules/@mui/material/Alert/index.js" was ignored.[39m
[33mnode_modules/@mui/material/AppBar/index.js (1:0): Module level directives cause errors when bundled, "use client" in "node_modules/@mui/material/AppBar/index.js" was ignored.[39m
[33mnode_modules/@mui/material/Autocomplete/index.js (1:0): Module level directives cause errors when bundled, "use client" in "node_modules/@mui/material/Autocomplete/index.js" was ignored.[39m
[33mnode_modules/@mui/material/AlertTitle/index.js (1:0): Module level directives cause errors when bundled, "use client" in "node_modules/@mui/material/AlertTitle/index.js" was ignored.[39m
[33mnode_modules/@mui/material/BottomNavigation/index.js (1:0): Module level directives cause errors when bundled, "use client" in "node_modules/@mui/material/BottomNavigation/index.js" was ignored.[39m
[33mnode_modules/@mui/material/AvatarGroup/index.js (1:0): Module level directives cause errors when bundled, "use client" in "node_modules/@mui/material/AvatarGroup/index.js" was ignored.[39m
[33mnode_modules/@mui/material/Box/index.js (1:0): Module level directives cause errors when bundled, "use client" in "node_modules/@mui/material/Box/index.js" was ignored.[39m
[33mnode_modules/@mui/material/Backdrop/index.js (1:0): Module level directives cause errors when bundled, "use client" in "node_modules/@mui/material/Backdrop/index.js" was ignored.[39m
[33mnode_modules/@mui/material/Badge/index.js (1:0): Module level directives cause errors when bundled, "use client" in "node_modules/@mui/material/Badge/index.js" was ignored.[39m
[33mnode_modules/@mui/material/BottomNavigationAction/index.js (1:0): Module level directives cause errors when bundled, "use client" in "node_modules/@mui/material/BottomNavigationAction/index.js" was ignored.[39m
[33mnode_modules/@mui/material/Avatar/index.js (1:0): Module level directives cause errors when bundled, "use client" in "node_modules/@mui/material/Avatar/index.js" was ignored.[39m
[33mnode_modules/@mui/material/ButtonBase/index.js (1:0): Module level directives cause errors when bundled, "use client" in "node_modules/@mui/material/ButtonBase/index.js" was ignored.[39m
[33mnode_modules/@mui/material/Breadcrumbs/index.js (1:0): Module level directives cause errors when bundled, "use client" in "node_modules/@mui/material/Breadcrumbs/index.js" was ignored.[39m
[33mnode_modules/@mui/material/Card/index.js (1:0): Module level directives cause errors when bundled, "use client" in "node_modules/@mui/material/Card/index.js" was ignored.[39m
[33mnode_modules/@mui/material/Button/index.js (1:0): Module level directives cause errors when bundled, "use client" in "node_modules/@mui/material/Button/index.js" was ignored.[39m
[33mnode_modules/@mui/material/CardActions/index.js (1:0): Module level directives cause errors when bundled, "use client" in "node_modules/@mui/material/CardActions/index.js" was ignored.[39m
[33mnode_modules/@mui/material/ButtonGroup/index.js (1:0): Module level directives cause errors when bundled, "use client" in "node_modules/@mui/material/ButtonGroup/index.js" was ignored.[39m
[33mnode_modules/@mui/material/CardHeader/index.js (1:0): Module level directives cause errors when bundled, "use client" in "node_modules/@mui/material/CardHeader/index.js" was ignored.[39m
[33mnode_modules/@mui/material/CircularProgress/index.js (1:0): Module level directives cause errors when bundled, "use client" in "node_modules/@mui/material/CircularProgress/index.js" was ignored.[39m
[33mnode_modules/@mui/material/Checkbox/index.js (1:0): Module level directives cause errors when bundled, "use client" in "node_modules/@mui/material/Checkbox/index.js" was ignored.[39m
[33mnode_modules/@mui/material/Chip/index.js (1:0): Module level directives cause errors when bundled, "use client" in "node_modules/@mui/material/Chip/index.js" was ignored.[39m
[33mnode_modules/@mui/material/CardActionArea/index.js (1:0): Module level directives cause errors when bundled, "use client" in "node_modules/@mui/material/CardActionArea/index.js" was ignored.[39m
[33mnode_modules/@mui/material/Collapse/index.js (1:0): Module level directives cause errors when bundled, "use client" in "node_modules/@mui/material/Collapse/index.js" was ignored.[39m
[33mnode_modules/@mui/material/Dialog/index.js (1:0): Module level directives cause errors when bundled, "use client" in "node_modules/@mui/material/Dialog/index.js" was ignored.[39m
[33mnode_modules/@mui/material/Container/index.js (1:0): Module level directives cause errors when bundled, "use client" in "node_modules/@mui/material/Container/index.js" was ignored.[39m
[33mnode_modules/@mui/material/DialogContent/index.js (1:0): Module level directives cause errors when bundled, "use client" in "node_modules/@mui/material/DialogContent/index.js" was ignored.[39m
[33mnode_modules/@mui/material/DialogActions/index.js (1:0): Module level directives cause errors when bundled, "use client" in "node_modules/@mui/material/DialogActions/index.js" was ignored.[39m
[33mnode_modules/@mui/material/DialogContentText/index.js (1:0): Module level directives cause errors when bundled, "use client" in "node_modules/@mui/material/DialogContentText/index.js" was ignored.[39m
[33mnode_modules/@mui/material/DialogTitle/index.js (1:0): Module level directives cause errors when bundled, "use client" in "node_modules/@mui/material/DialogTitle/index.js" was ignored.[39m
[33mnode_modules/@mui/material/Fab/index.js (1:0): Module level directives cause errors when bundled, "use client" in "node_modules/@mui/material/Fab/index.js" was ignored.[39m
[33mnode_modules/@mui/material/Drawer/index.js (1:0): Module level directives cause errors when bundled, "use client" in "node_modules/@mui/material/Drawer/index.js" was ignored.[39m
[33mnode_modules/@mui/material/FormGroup/index.js (1:0): Module level directives cause errors when bundled, "use client" in "node_modules/@mui/material/FormGroup/index.js" was ignored.[39m
[33mnode_modules/@mui/material/FilledInput/index.js (1:0): Module level directives cause errors when bundled, "use client" in "node_modules/@mui/material/FilledInput/index.js" was ignored.[39m
[33mnode_modules/@mui/material/Fade/index.js (1:0): Module level directives cause errors when bundled, "use client" in "node_modules/@mui/material/Fade/index.js" was ignored.[39m
[33mnode_modules/@mui/material/CardMedia/index.js (1:0): Module level directives cause errors when bundled, "use client" in "node_modules/@mui/material/CardMedia/index.js" was ignored.[39m
[33mnode_modules/@mui/material/Divider/index.js (1:0): Module level directives cause errors when bundled, "use client" in "node_modules/@mui/material/Divider/index.js" was ignored.[39m
[33mnode_modules/@mui/material/CardContent/index.js (1:0): Module level directives cause errors when bundled, "use client" in "node_modules/@mui/material/CardContent/index.js" was ignored.[39m
[33mnode_modules/@mui/material/FormControlLabel/index.js (1:0): Module level directives cause errors when bundled, "use client" in "node_modules/@mui/material/FormControlLabel/index.js" was ignored.[39m
[33mnode_modules/@mui/material/FormHelperText/index.js (1:0): Module level directives cause errors when bundled, "use client" in "node_modules/@mui/material/FormHelperText/index.js" was ignored.[39m
[33mnode_modules/@mui/material/FormLabel/index.js (1:0): Module level directives cause errors when bundled, "use client" in "node_modules/@mui/material/FormLabel/index.js" was ignored.[39m
[33mnode_modules/@mui/material/Grow/index.js (1:0): Module level directives cause errors when bundled, "use client" in "node_modules/@mui/material/Grow/index.js" was ignored.[39m
[33mnode_modules/@mui/material/FormControl/index.js (1:0): Module level directives cause errors when bundled, "use client" in "node_modules/@mui/material/FormControl/index.js" was ignored.[39m
[33mnode_modules/@mui/material/Unstable_Grid2/index.js (1:0): Module level directives cause errors when bundled, "use client" in "node_modules/@mui/material/Unstable_Grid2/index.js" was ignored.[39m
[33mnode_modules/@mui/material/Hidden/index.js (1:0): Module level directives cause errors when bundled, "use client" in "node_modules/@mui/material/Hidden/index.js" was ignored.[39m
[33mnode_modules/@mui/material/Grid/index.js (1:0): Module level directives cause errors when bundled, "use client" in "node_modules/@mui/material/Grid/index.js" was ignored.[39m
[33mnode_modules/@mui/material/Icon/index.js (1:0): Module level directives cause errors when bundled, "use client" in "node_modules/@mui/material/Icon/index.js" was ignored.[39m
[33mnode_modules/@mui/material/ImageList/index.js (1:0): Module level directives cause errors when bundled, "use client" in "node_modules/@mui/material/ImageList/index.js" was ignored.[39m
[33mnode_modules/@mui/material/IconButton/index.js (1:0): Module level directives cause errors when bundled, "use client" in "node_modules/@mui/material/IconButton/index.js" was ignored.[39m
[33mnode_modules/@mui/material/ImageListItemBar/index.js (1:0): Module level directives cause errors when bundled, "use client" in "node_modules/@mui/material/ImageListItemBar/index.js" was ignored.[39m
[33mnode_modules/@mui/material/ImageListItem/index.js (1:0): Module level directives cause errors when bundled, "use client" in "node_modules/@mui/material/ImageListItem/index.js" was ignored.[39m
[33mnode_modules/@mui/material/Input/index.js (1:0): Module level directives cause errors when bundled, "use client" in "node_modules/@mui/material/Input/index.js" was ignored.[39m
[33mnode_modules/@mui/material/LinearProgress/index.js (1:0): Module level directives cause errors when bundled, "use client" in "node_modules/@mui/material/LinearProgress/index.js" was ignored.[39m
[33mnode_modules/@mui/material/InputLabel/index.js (1:0): Module level directives cause errors when bundled, "use client" in "node_modules/@mui/material/InputLabel/index.js" was ignored.[39m
[33mnode_modules/@mui/material/InputAdornment/index.js (1:0): Module level directives cause errors when bundled, "use client" in "node_modules/@mui/material/InputAdornment/index.js" was ignored.[39m
[33mnode_modules/@mui/material/ListItem/index.js (1:0): Module level directives cause errors when bundled, "use client" in "node_modules/@mui/material/ListItem/index.js" was ignored.[39m
[33mnode_modules/@mui/material/InputBase/index.js (1:0): Module level directives cause errors when bundled, "use client" in "node_modules/@mui/material/InputBase/index.js" was ignored.[39m
[33mnode_modules/@mui/material/Link/index.js (1:0): Module level directives cause errors when bundled, "use client" in "node_modules/@mui/material/Link/index.js" was ignored.[39m
[33mnode_modules/@mui/material/ListItemIcon/index.js (1:0): Module level directives cause errors when bundled, "use client" in "node_modules/@mui/material/ListItemIcon/index.js" was ignored.[39m
[33mnode_modules/@mui/material/Menu/index.js (1:0): Module level directives cause errors when bundled, "use client" in "node_modules/@mui/material/Menu/index.js" was ignored.[39m
[33mnode_modules/@mui/material/ListItemButton/index.js (1:0): Module level directives cause errors when bundled, "use client" in "node_modules/@mui/material/ListItemButton/index.js" was ignored.[39m
[33mnode_modules/@mui/material/ListItemSecondaryAction/index.js (1:0): Module level directives cause errors when bundled, "use client" in "node_modules/@mui/material/ListItemSecondaryAction/index.js" was ignored.[39m
[33mnode_modules/@mui/material/ListItemText/index.js (1:0): Module level directives cause errors when bundled, "use client" in "node_modules/@mui/material/ListItemText/index.js" was ignored.[39m
[33mnode_modules/@mui/material/ListItemAvatar/index.js (1:0): Module level directives cause errors when bundled, "use client" in "node_modules/@mui/material/ListItemAvatar/index.js" was ignored.[39m
[33mnode_modules/@mui/material/NativeSelect/index.js (1:0): Module level directives cause errors when bundled, "use client" in "node_modules/@mui/material/NativeSelect/index.js" was ignored.[39m
[33mnode_modules/@mui/material/MenuItem/index.js (1:0): Module level directives cause errors when bundled, "use client" in "node_modules/@mui/material/MenuItem/index.js" was ignored.[39m
[33mnode_modules/@mui/material/MenuList/index.js (1:0): Module level directives cause errors when bundled, "use client" in "node_modules/@mui/material/MenuList/index.js" was ignored.[39m
[33mnode_modules/@mui/material/MobileStepper/index.js (1:0): Module level directives cause errors when bundled, "use client" in "node_modules/@mui/material/MobileStepper/index.js" was ignored.[39m
[33mnode_modules/@mui/material/List/index.js (1:0): Module level directives cause errors when bundled, "use client" in "node_modules/@mui/material/List/index.js" was ignored.[39m
[33mnode_modules/@mui/material/OutlinedInput/index.js (1:0): Module level directives cause errors when bundled, "use client" in "node_modules/@mui/material/OutlinedInput/index.js" was ignored.[39m
[33mnode_modules/@mui/material/Modal/index.js (1:0): Module level directives cause errors when bundled, "use client" in "node_modules/@mui/material/Modal/index.js" was ignored.[39m
[33mnode_modules/@mui/material/ListSubheader/index.js (1:0): Module level directives cause errors when bundled, "use client" in "node_modules/@mui/material/ListSubheader/index.js" was ignored.[39m
[33mnode_modules/@mui/material/Pagination/index.js (1:0): Module level directives cause errors when bundled, "use client" in "node_modules/@mui/material/Pagination/index.js" was ignored.[39m
[33mnode_modules/@mui/material/Paper/index.js (1:0): Module level directives cause errors when bundled, "use client" in "node_modules/@mui/material/Paper/index.js" was ignored.[39m
[33mnode_modules/@mui/material/PaginationItem/index.js (1:0): Module level directives cause errors when bundled, "use client" in "node_modules/@mui/material/PaginationItem/index.js" was ignored.[39m
[33mnode_modules/@mui/material/Popper/index.js (1:0): Module level directives cause errors when bundled, "use client" in "node_modules/@mui/material/Popper/index.js" was ignored.[39m
[33mnode_modules/@mui/material/RadioGroup/index.js (1:0): Module level directives cause errors when bundled, "use client" in "node_modules/@mui/material/RadioGroup/index.js" was ignored.[39m
[33mnode_modules/@mui/material/Popover/index.js (1:0): Module level directives cause errors when bundled, "use client" in "node_modules/@mui/material/Popover/index.js" was ignored.[39m
[33mnode_modules/@mui/material/Radio/index.js (1:0): Module level directives cause errors when bundled, "use client" in "node_modules/@mui/material/Radio/index.js" was ignored.[39m
[33mnode_modules/@mui/material/ScopedCssBaseline/index.js (1:0): Module level directives cause errors when bundled, "use client" in "node_modules/@mui/material/ScopedCssBaseline/index.js" was ignored.[39m
[33mnode_modules/@mui/material/Select/index.js (1:0): Module level directives cause errors when bundled, "use client" in "node_modules/@mui/material/Select/index.js" was ignored.[39m
[33mnode_modules/@mui/material/Skeleton/index.js (1:0): Module level directives cause errors when bundled, "use client" in "node_modules/@mui/material/Skeleton/index.js" was ignored.[39m
[33mnode_modules/@mui/material/Snackbar/index.js (1:0): Module level directives cause errors when bundled, "use client" in "node_modules/@mui/material/Snackbar/index.js" was ignored.[39m
[33mnode_modules/@mui/material/Slider/index.js (1:0): Module level directives cause errors when bundled, "use client" in "node_modules/@mui/material/Slider/index.js" was ignored.[39m
[33mnode_modules/@mui/material/Slide/index.js (1:0): Module level directives cause errors when bundled, "use client" in "node_modules/@mui/material/Slide/index.js" was ignored.[39m
[33mnode_modules/@mui/material/SpeedDial/index.js (1:0): Module level directives cause errors when bundled, "use client" in "node_modules/@mui/material/SpeedDial/index.js" was ignored.[39m
[33mnode_modules/@mui/material/Stack/index.js (1:0): Module level directives cause errors when bundled, "use client" in "node_modules/@mui/material/Stack/index.js" was ignored.[39m
[33mnode_modules/@mui/material/Step/index.js (1:0): Module level directives cause errors when bundled, "use client" in "node_modules/@mui/material/Step/index.js" was ignored.[39m
[33mnode_modules/@mui/material/SpeedDialIcon/index.js (1:0): Module level directives cause errors when bundled, "use client" in "node_modules/@mui/material/SpeedDialIcon/index.js" was ignored.[39m
[33mnode_modules/@mui/material/StepButton/index.js (1:0): Module level directives cause errors when bundled, "use client" in "node_modules/@mui/material/StepButton/index.js" was ignored.[39m
[33mnode_modules/@mui/material/SnackbarContent/index.js (1:0): Module level directives cause errors when bundled, "use client" in "node_modules/@mui/material/SnackbarContent/index.js" was ignored.[39m
[33mnode_modules/@mui/material/StepIcon/index.js (1:0): Module level directives cause errors when bundled, "use client" in "node_modules/@mui/material/StepIcon/index.js" was ignored.[39m
[33mnode_modules/@mui/material/StepLabel/index.js (1:0): Module level directives cause errors when bundled, "use client" in "node_modules/@mui/material/StepLabel/index.js" was ignored.[39m
[33mnode_modules/@mui/material/StepConnector/index.js (1:0): Module level directives cause errors when bundled, "use client" in "node_modules/@mui/material/StepConnector/index.js" was ignored.[39m
[33mnode_modules/@mui/material/SpeedDialAction/index.js (1:0): Module level directives cause errors when bundled, "use client" in "node_modules/@mui/material/SpeedDialAction/index.js" was ignored.[39m
[33mnode_modules/@mui/material/SvgIcon/index.js (1:0): Module level directives cause errors when bundled, "use client" in "node_modules/@mui/material/SvgIcon/index.js" was ignored.[39m
[33mnode_modules/@mui/material/StepContent/index.js (1:0): Module level directives cause errors when bundled, "use client" in "node_modules/@mui/material/StepContent/index.js" was ignored.[39m
[33mnode_modules/@mui/material/Stepper/index.js (1:0): Module level directives cause errors when bundled, "use client" in "node_modules/@mui/material/Stepper/index.js" was ignored.[39m
[33mnode_modules/@mui/material/TableBody/index.js (1:0): Module level directives cause errors when bundled, "use client" in "node_modules/@mui/material/TableBody/index.js" was ignored.[39m
[33mnode_modules/@mui/material/Tab/index.js (1:0): Module level directives cause errors when bundled, "use client" in "node_modules/@mui/material/Tab/index.js" was ignored.[39m
[33mnode_modules/@mui/material/Switch/index.js (1:0): Module level directives cause errors when bundled, "use client" in "node_modules/@mui/material/Switch/index.js" was ignored.[39m
[33mnode_modules/@mui/material/Table/index.js (1:0): Module level directives cause errors when bundled, "use client" in "node_modules/@mui/material/Table/index.js" was ignored.[39m
[33mnode_modules/@mui/material/SwipeableDrawer/index.js (1:0): Module level directives cause errors when bundled, "use client" in "node_modules/@mui/material/SwipeableDrawer/index.js" was ignored.[39m
[33mnode_modules/@mui/material/TableContainer/index.js (1:0): Module level directives cause errors when bundled, "use client" in "node_modules/@mui/material/TableContainer/index.js" was ignored.[39m
[33mnode_modules/@mui/material/TablePagination/index.js (1:0): Module level directives cause errors when bundled, "use client" in "node_modules/@mui/material/TablePagination/index.js" was ignored.[39m
[33mnode_modules/@mui/material/TableCell/index.js (1:0): Module level directives cause errors when bundled, "use client" in "node_modules/@mui/material/TableCell/index.js" was ignored.[39m
[33mnode_modules/@mui/material/TableFooter/index.js (1:0): Module level directives cause errors when bundled, "use client" in "node_modules/@mui/material/TableFooter/index.js" was ignored.[39m
[33mnode_modules/@mui/material/TableSortLabel/index.js (1:0): Module level directives cause errors when bundled, "use client" in "node_modules/@mui/material/TableSortLabel/index.js" was ignored.[39m
[33mnode_modules/@mui/material/TableHead/index.js (1:0): Module level directives cause errors when bundled, "use client" in "node_modules/@mui/material/TableHead/index.js" was ignored.[39m
[33mnode_modules/@mui/material/TableRow/index.js (1:0): Module level directives cause errors when bundled, "use client" in "node_modules/@mui/material/TableRow/index.js" was ignored.[39m
[33mnode_modules/@mui/material/TextField/index.js (1:0): Module level directives cause errors when bundled, "use client" in "node_modules/@mui/material/TextField/index.js" was ignored.[39m
[33mnode_modules/@mui/material/TabScrollButton/index.js (1:0): Module level directives cause errors when bundled, "use client" in "node_modules/@mui/material/TabScrollButton/index.js" was ignored.[39m
[33mnode_modules/@mui/material/Tabs/index.js (1:0): Module level directives cause errors when bundled, "use client" in "node_modules/@mui/material/Tabs/index.js" was ignored.[39m
[33mnode_modules/@mui/material/ToggleButton/index.js (1:0): Module level directives cause errors when bundled, "use client" in "node_modules/@mui/material/ToggleButton/index.js" was ignored.[39m
[33mnode_modules/@mui/material/Tooltip/index.js (1:0): Module level directives cause errors when bundled, "use client" in "node_modules/@mui/material/Tooltip/index.js" was ignored.[39m
[33mnode_modules/@mui/material/ToggleButtonGroup/index.js (1:0): Module level directives cause errors when bundled, "use client" in "node_modules/@mui/material/ToggleButtonGroup/index.js" was ignored.[39m
[33mnode_modules/@mui/material/Typography/index.js (1:0): Module level directives cause errors when bundled, "use client" in "node_modules/@mui/material/Typography/index.js" was ignored.[39m
[33mnode_modules/@mui/material/Zoom/index.js (1:0): Module level directives cause errors when bundled, "use client" in "node_modules/@mui/material/Zoom/index.js" was ignored.[39m
[33mnode_modules/@mui/material/usePagination/index.js (1:0): Module level directives cause errors when bundled, "use client" in "node_modules/@mui/material/usePagination/index.js" was ignored.[39m
[33mnode_modules/@mui/material/useAutocomplete/index.js (1:0): Module level directives cause errors when bundled, "use client" in "node_modules/@mui/material/useAutocomplete/index.js" was ignored.[39m
[33mnode_modules/@mui/material/useScrollTrigger/index.js (1:0): Module level directives cause errors when bundled, "use client" in "node_modules/@mui/material/useScrollTrigger/index.js" was ignored.[39m
[33mnode_modules/@mui/system/esm/GlobalStyles/index.js (1:0): Module level directives cause errors when bundled, "use client" in "node_modules/@mui/system/esm/GlobalStyles/index.js" was ignored.[39m
[33mnode_modules/@mui/system/esm/Box/index.js (1:0): Module level directives cause errors when bundled, "use client" in "node_modules/@mui/system/esm/Box/index.js" was ignored.[39m
[33mnode_modules/@mui/system/esm/useThemeWithoutDefault.js (1:0): Module level directives cause errors when bundled, "use client" in "node_modules/@mui/system/esm/useThemeWithoutDefault.js" was ignored.[39m
[33mnode_modules/@mui/system/esm/createBox.js (1:0): Module level directives cause errors when bundled, "use client" in "node_modules/@mui/system/esm/createBox.js" was ignored.[39m
[33mnode_modules/@mui/system/esm/useTheme.js (1:0): Module level directives cause errors when bundled, "use client" in "node_modules/@mui/system/esm/useTheme.js" was ignored.[39m
[33mnode_modules/@mui/system/esm/Container/index.js (1:0): Module level directives cause errors when bundled, "use client" in "node_modules/@mui/system/esm/Container/index.js" was ignored.[39m
[33mnode_modules/@mui/system/esm/Unstable_Grid/index.js (1:0): Module level directives cause errors when bundled, "use client" in "node_modules/@mui/system/esm/Unstable_Grid/index.js" was ignored.[39m
[33mnode_modules/@mui/system/esm/ThemeProvider/index.js (1:0): Module level directives cause errors when bundled, "use client" in "node_modules/@mui/system/esm/ThemeProvider/index.js" was ignored.[39m
[33mnode_modules/@mui/system/esm/Stack/index.js (1:0): Module level directives cause errors when bundled, "use client" in "node_modules/@mui/system/esm/Stack/index.js" was ignored.[39m
[33mnode_modules/@mui/material/utils/index.js (1:0): Module level directives cause errors when bundled, "use client" in "node_modules/@mui/material/utils/index.js" was ignored.[39m
[33mnode_modules/@mui/system/esm/Stack/Stack.js (1:0): Module level directives cause errors when bundled, "use client" in "node_modules/@mui/system/esm/Stack/Stack.js" was ignored.[39m
[33mnode_modules/@mui/styled-engine/index.js (1:0): Module level directives cause errors when bundled, "use client" in "node_modules/@mui/styled-engine/index.js" was ignored.[39m
[33mnode_modules/@mui/system/esm/Unstable_Grid/Grid.js (1:0): Module level directives cause errors when bundled, "use client" in "node_modules/@mui/system/esm/Unstable_Grid/Grid.js" was ignored.[39m
[33mnode_modules/@mui/system/esm/useThemeProps/useThemeProps.js (1:0): Module level directives cause errors when bundled, "use client" in "node_modules/@mui/system/esm/useThemeProps/useThemeProps.js" was ignored.[39m
[33mnode_modules/@mui/material/FormControl/useFormControl.js (1:0): Module level directives cause errors when bundled, "use client" in "node_modules/@mui/material/FormControl/useFormControl.js" was ignored.[39m
[33mnode_modules/@mui/material/RadioGroup/useRadioGroup.js (1:0): Module level directives cause errors when bundled, "use client" in "node_modules/@mui/material/RadioGroup/useRadioGroup.js" was ignored.[39m
[33mnode_modules/@mui/material/usePagination/usePagination.js (1:0): Module level directives cause errors when bundled, "use client" in "node_modules/@mui/material/usePagination/usePagination.js" was ignored.[39m
[33mnode_modules/@mui/material/useScrollTrigger/useScrollTrigger.js (1:0): Module level directives cause errors when bundled, "use client" in "node_modules/@mui/material/useScrollTrigger/useScrollTrigger.js" was ignored.[39m
[33mnode_modules/@mui/material/GlobalStyles/GlobalStyles.js (1:0): Module level directives cause errors when bundled, "use client" in "node_modules/@mui/material/GlobalStyles/GlobalStyles.js" was ignored.[39m
[33mnode_modules/@mui/material/DefaultPropsProvider/DefaultPropsProvider.js (1:0): Module level directives cause errors when bundled, "use client" in "node_modules/@mui/material/DefaultPropsProvider/DefaultPropsProvider.js" was ignored.[39m
[33mnode_modules/@mui/material/utils/useControlled.js (1:0): Module level directives cause errors when bundled, "use client" in "node_modules/@mui/material/utils/useControlled.js" was ignored.[39m
[33mnode_modules/@mui/material/utils/useEnhancedEffect.js (1:0): Module level directives cause errors when bundled, "use client" in "node_modules/@mui/material/utils/useEnhancedEffect.js" was ignored.[39m
[33mnode_modules/@mui/material/utils/useForkRef.js (1:0): Module level directives cause errors when bundled, "use client" in "node_modules/@mui/material/utils/useForkRef.js" was ignored.[39m
[33mnode_modules/@mui/material/utils/useEventCallback.js (1:0): Module level directives cause errors when bundled, "use client" in "node_modules/@mui/material/utils/useEventCallback.js" was ignored.[39m
[33mnode_modules/@mui/material/utils/useIsFocusVisible.js (1:0): Module level directives cause errors when bundled, "use client" in "node_modules/@mui/material/utils/useIsFocusVisible.js" was ignored.[39m
[33mnode_modules/@mui/material/utils/useId.js (1:0): Module level directives cause errors when bundled, "use client" in "node_modules/@mui/material/utils/useId.js" was ignored.[39m
[33mnode_modules/@mui/styled-engine/StyledEngineProvider/index.js (1:0): Module level directives cause errors when bundled, "use client" in "node_modules/@mui/styled-engine/StyledEngineProvider/index.js" was ignored.[39m
[33mnode_modules/@mui/styled-engine/GlobalStyles/index.js (1:0): Module level directives cause errors when bundled, "use client" in "node_modules/@mui/styled-engine/GlobalStyles/index.js" was ignored.[39m
[33mnode_modules/@mui/material/CardMedia/CardMedia.js (1:0): Module level directives cause errors when bundled, "use client" in "node_modules/@mui/material/CardMedia/CardMedia.js" was ignored.[39m
[33mnode_modules/@mui/material/DialogActions/DialogActions.js (1:0): Module level directives cause errors when bundled, "use client" in "node_modules/@mui/material/DialogActions/DialogActions.js" was ignored.[39m
[33mnode_modules/@mui/material/FormControl/FormControl.js (1:0): Module level directives cause errors when bundled, "use client" in "node_modules/@mui/material/FormControl/FormControl.js" was ignored.[39m
[33mnode_modules/@mui/material/ClickAwayListener/ClickAwayListener.js (1:0): Module level directives cause errors when bundled, "use client" in "node_modules/@mui/material/ClickAwayListener/ClickAwayListener.js" was ignored.[39m
[33mnode_modules/@mui/material/TabScrollButton/TabScrollButton.js (1:0): Module level directives cause errors when bundled, "use client" in "node_modules/@mui/material/TabScrollButton/TabScrollButton.js" was ignored.[39m
[33mnode_modules/@mui/material/CardContent/CardContent.js (1:0): Module level directives cause errors when bundled, "use client" in "node_modules/@mui/material/CardContent/CardContent.js" was ignored.[39m
[33mnode_modules/@mui/material/NativeSelect/NativeSelect.js (1:0): Module level directives cause errors when bundled, "use client" in "node_modules/@mui/material/NativeSelect/NativeSelect.js" was ignored.[39m
[33mnode_modules/@mui/material/List/List.js (1:0): Module level directives cause errors when bundled, "use client" in "node_modules/@mui/material/List/List.js" was ignored.[39m
[33mnode_modules/@mui/material/ListItemSecondaryAction/ListItemSecondaryAction.js (1:0): Module level directives cause errors when bundled, "use client" in "node_modules/@mui/material/ListItemSecondaryAction/ListItemSecondaryAction.js" was ignored.[39m
[33mnode_modules/@mui/material/InputLabel/InputLabel.js (1:0): Module level directives cause errors when bundled, "use client" in "node_modules/@mui/material/InputLabel/InputLabel.js" was ignored.[39m
[33mnode_modules/@mui/material/MenuList/MenuList.js (1:0): Module level directives cause errors when bundled, "use client" in "node_modules/@mui/material/MenuList/MenuList.js" was ignored.[39m
[33mnode_modules/@mui/material/Hidden/Hidden.js (1:0): Module level directives cause errors when bundled, "use client" in "node_modules/@mui/material/Hidden/Hidden.js" was ignored.[39m
[33mnode_modules/@mui/material/FormGroup/FormGroup.js (1:0): Module level directives cause errors when bundled, "use client" in "node_modules/@mui/material/FormGroup/FormGroup.js" was ignored.[39m
[33mnode_modules/@mui/material/Container/Container.js (1:0): Module level directives cause errors when bundled, "use client" in "node_modules/@mui/material/Container/Container.js" was ignored.[39m
[33mnode_modules/@mui/material/Breadcrumbs/Breadcrumbs.js (1:0): Module level directives cause errors when bundled, "use client" in "node_modules/@mui/material/Breadcrumbs/Breadcrumbs.js" was ignored.[39m
[33mnode_modules/@mui/material/Collapse/Collapse.js (1:0): Module level directives cause errors when bundled, "use client" in "node_modules/@mui/material/Collapse/Collapse.js" was ignored.[39m
[33mnode_modules/@mui/material/Link/Link.js (1:0): Module level directives cause errors when bundled, "use client" in "node_modules/@mui/material/Link/Link.js" was ignored.[39m
[33mnode_modules/@mui/material/LinearProgress/LinearProgress.js (1:0): Module level directives cause errors when bundled, "use client" in "node_modules/@mui/material/LinearProgress/LinearProgress.js" was ignored.[39m
[33mnode_modules/@mui/material/Chip/Chip.js (1:0): Module level directives cause errors when bundled, "use client" in "node_modules/@mui/material/Chip/Chip.js" was ignored.[39m
[33mnode_modules/@mui/material/Fade/Fade.js (1:0): Module level directives cause errors when bundled, "use client" in "node_modules/@mui/material/Fade/Fade.js" was ignored.[39m
[33mnode_modules/@mui/material/InputAdornment/InputAdornment.js (1:0): Module level directives cause errors when bundled, "use client" in "node_modules/@mui/material/InputAdornment/InputAdornment.js" was ignored.[39m
[33mnode_modules/@mui/material/Dialog/Dialog.js (1:0): Module level directives cause errors when bundled, "use client" in "node_modules/@mui/material/Dialog/Dialog.js" was ignored.[39m
[33mnode_modules/@mui/material/ButtonGroup/ButtonGroup.js (1:0): Module level directives cause errors when bundled, "use client" in "node_modules/@mui/material/ButtonGroup/ButtonGroup.js" was ignored.[39m
[33mnode_modules/@mui/material/DialogContent/DialogContent.js (1:0): Module level directives cause errors when bundled, "use client" in "node_modules/@mui/material/DialogContent/DialogContent.js" was ignored.[39m
[33mnode_modules/@mui/material/AccordionSummary/AccordionSummary.js (1:0): Module level directives cause errors when bundled, "use client" in "node_modules/@mui/material/AccordionSummary/AccordionSummary.js" was ignored.[39m
[33mnode_modules/@mui/material/AlertTitle/AlertTitle.js (1:0): Module level directives cause errors when bundled, "use client" in "node_modules/@mui/material/AlertTitle/AlertTitle.js" was ignored.[39m
[33mnode_modules/@mui/material/BottomNavigationAction/BottomNavigationAction.js (1:0): Module level directives cause errors when bundled, "use client" in "node_modules/@mui/material/BottomNavigationAction/BottomNavigationAction.js" was ignored.[39m
[33mnode_modules/@mui/material/DialogContentText/DialogContentText.js (1:0): Module level directives cause errors when bundled, "use client" in "node_modules/@mui/material/DialogContentText/DialogContentText.js" was ignored.[39m
[33mnode_modules/@mui/material/Divider/Divider.js (1:0): Module level directives cause errors when bundled, "use client" in "node_modules/@mui/material/Divider/Divider.js" was ignored.[39m
[33mnode_modules/@mui/material/Toolbar/Toolbar.js (1:0): Module level directives cause errors when bundled, "use client" in "node_modules/@mui/material/Toolbar/Toolbar.js" was ignored.[39m
[33mnode_modules/@mui/material/MenuItem/MenuItem.js (1:0): Module level directives cause errors when bundled, "use client" in "node_modules/@mui/material/MenuItem/MenuItem.js" was ignored.[39m
[33mnode_modules/@mui/material/FormLabel/FormLabel.js (1:0): Module level directives cause errors when bundled, "use client" in "node_modules/@mui/material/FormLabel/FormLabel.js" was ignored.[39m
[33mnode_modules/@mui/material/Autocomplete/Autocomplete.js (1:0): Module level directives cause errors when bundled, "use client" in "node_modules/@mui/material/Autocomplete/Autocomplete.js" was ignored.[39m
[33mnode_modules/@mui/material/ToggleButtonGroup/ToggleButtonGroup.js (1:0): Module level directives cause errors when bundled, "use client" in "node_modules/@mui/material/ToggleButtonGroup/ToggleButtonGroup.js" was ignored.[39m
[33mnode_modules/@mui/material/ListItemAvatar/ListItemAvatar.js (1:0): Module level directives cause errors when bundled, "use client" in "node_modules/@mui/material/ListItemAvatar/ListItemAvatar.js" was ignored.[39m
[33mnode_modules/@mui/material/ImageList/ImageList.js (1:0): Module level directives cause errors when bundled, "use client" in "node_modules/@mui/material/ImageList/ImageList.js" was ignored.[39m
[33mnode_modules/@mui/material/TableBody/TableBody.js (1:0): Module level directives cause errors when bundled, "use client" in "node_modules/@mui/material/TableBody/TableBody.js" was ignored.[39m
[33mnode_modules/@mui/material/NoSsr/NoSsr.js (1:0): Module level directives cause errors when bundled, "use client" in "node_modules/@mui/material/NoSsr/NoSsr.js" was ignored.[39m
[33mnode_modules/@mui/material/Stepper/Stepper.js (1:0): Module level directives cause errors when bundled, "use client" in "node_modules/@mui/material/Stepper/Stepper.js" was ignored.[39m
[33mnode_modules/@mui/material/Menu/Menu.js (1:0): Module level directives cause errors when bundled, "use client" in "node_modules/@mui/material/Menu/Menu.js" was ignored.[39m
[33mnode_modules/@mui/material/StepContent/StepContent.js (1:0): Module level directives cause errors when bundled, "use client" in "node_modules/@mui/material/StepContent/StepContent.js" was ignored.[39m
[33mnode_modules/@mui/material/Drawer/Drawer.js (1:0): Module level directives cause errors when bundled, "use client" in "node_modules/@mui/material/Drawer/Drawer.js" was ignored.[39m
[33mnode_modules/@mui/material/Box/Box.js (1:0): Module level directives cause errors when bundled, "use client" in "node_modules/@mui/material/Box/Box.js" was ignored.[39m
[33mnode_modules/@mui/material/Switch/Switch.js (1:0): Module level directives cause errors when bundled, "use client" in "node_modules/@mui/material/Switch/Switch.js" was ignored.[39m
[33mnode_modules/@mui/material/ScopedCssBaseline/ScopedCssBaseline.js (1:0): Module level directives cause errors when bundled, "use client" in "node_modules/@mui/material/ScopedCssBaseline/ScopedCssBaseline.js" was ignored.[39m
[33mnode_modules/@mui/material/StepButton/StepButton.js (1:0): Module level directives cause errors when bundled, "use client" in "node_modules/@mui/material/StepButton/StepButton.js" was ignored.[39m
[33mnode_modules/@mui/material/CardHeader/CardHeader.js (1:0): Module level directives cause errors when bundled, "use client" in "node_modules/@mui/material/CardHeader/CardHeader.js" was ignored.[39m
[33mnode_modules/@mui/material/ListItemText/ListItemText.js (1:0): Module level directives cause errors when bundled, "use client" in "node_modules/@mui/material/ListItemText/ListItemText.js" was ignored.[39m
[33mnode_modules/@mui/material/DialogTitle/DialogTitle.js (1:0): Module level directives cause errors when bundled, "use client" in "node_modules/@mui/material/DialogTitle/DialogTitle.js" was ignored.[39m
[33mnode_modules/@mui/material/AccordionActions/AccordionActions.js (1:0): Module level directives cause errors when bundled, "use client" in "node_modules/@mui/material/AccordionActions/AccordionActions.js" was ignored.[39m
[33mnode_modules/@mui/material/FormHelperText/FormHelperText.js (1:0): Module level directives cause errors when bundled, "use client" in "node_modules/@mui/material/FormHelperText/FormHelperText.js" was ignored.[39m
[33mnode_modules/@mui/material/ImageListItem/ImageListItem.js (1:0): Module level directives cause errors when bundled, "use client" in "node_modules/@mui/material/ImageListItem/ImageListItem.js" was ignored.[39m
[33mnode_modules/@mui/material/Modal/Modal.js (1:0): Module level directives cause errors when bundled, "use client" in "node_modules/@mui/material/Modal/Modal.js" was ignored.[39m
[33mnode_modules/@mui/material/MobileStepper/MobileStepper.js (1:0): Module level directives cause errors when bundled, "use client" in "node_modules/@mui/material/MobileStepper/MobileStepper.js" was ignored.[39m
[33mnode_modules/@mui/material/Avatar/Avatar.js (1:0): Module level directives cause errors when bundled, "use client" in "node_modules/@mui/material/Avatar/Avatar.js" was ignored.[39m
[33mnode_modules/@mui/material/BottomNavigation/BottomNavigation.js (1:0): Module level directives cause errors when bundled, "use client" in "node_modules/@mui/material/BottomNavigation/BottomNavigation.js" was ignored.[39m
[33mnode_modules/@mui/material/Backdrop/Backdrop.js (1:0): Module level directives cause errors when bundled, "use client" in "node_modules/@mui/material/Backdrop/Backdrop.js" was ignored.[39m
[33mnode_modules/@mui/material/ImageListItemBar/ImageListItemBar.js (1:0): Module level directives cause errors when bundled, "use client" in "node_modules/@mui/material/ImageListItemBar/ImageListItemBar.js" was ignored.[39m
[33mnode_modules/@mui/material/Card/Card.js (1:0): Module level directives cause errors when bundled, "use client" in "node_modules/@mui/material/Card/Card.js" was ignored.[39m
[33mnode_modules/@mui/material/Checkbox/Checkbox.js (1:0): Module level directives cause errors when bundled, "use client" in "node_modules/@mui/material/Checkbox/Checkbox.js" was ignored.[39m
[33mnode_modules/@mui/material/Grow/Grow.js (1:0): Module level directives cause errors when bundled, "use client" in "node_modules/@mui/material/Grow/Grow.js" was ignored.[39m
[33mnode_modules/@mui/material/Typography/Typography.js (1:0): Module level directives cause errors when bundled, "use client" in "node_modules/@mui/material/Typography/Typography.js" was ignored.[39m
[33mnode_modules/@mui/material/AppBar/AppBar.js (1:0): Module level directives cause errors when bundled, "use client" in "node_modules/@mui/material/AppBar/AppBar.js" was ignored.[39m
[33mnode_modules/@mui/material/Badge/Badge.js (1:0): Module level directives cause errors when bundled, "use client" in "node_modules/@mui/material/Badge/Badge.js" was ignored.[39m
[33mnode_modules/@mui/material/StepIcon/StepIcon.js (1:0): Module level directives cause errors when bundled, "use client" in "node_modules/@mui/material/StepIcon/StepIcon.js" was ignored.[39m
[33mnode_modules/@mui/material/ListItemIcon/ListItemIcon.js (1:0): Module level directives cause errors when bundled, "use client" in "node_modules/@mui/material/ListItemIcon/ListItemIcon.js" was ignored.[39m
[33mnode_modules/@mui/material/TableRow/TableRow.js (1:0): Module level directives cause errors when bundled, "use client" in "node_modules/@mui/material/TableRow/TableRow.js" was ignored.[39m
[33mnode_modules/@mui/material/OutlinedInput/OutlinedInput.js (1:0): Module level directives cause errors when bundled, "use client" in "node_modules/@mui/material/OutlinedInput/OutlinedInput.js" was ignored.[39m
[33mnode_modules/@mui/material/IconButton/IconButton.js (1:0): Module level directives cause errors when bundled, "use client" in "node_modules/@mui/material/IconButton/IconButton.js" was ignored.[39m
[33mnode_modules/@mui/material/Tabs/Tabs.js (1:0): Module level directives cause errors when bundled, "use client" in "node_modules/@mui/material/Tabs/Tabs.js" was ignored.[39m
[33mnode_modules/@mui/material/Unstable_Grid2/Grid2.js (1:0): Module level directives cause errors when bundled, "use client" in "node_modules/@mui/material/Unstable_Grid2/Grid2.js" was ignored.[39m
[33mnode_modules/@mui/material/TableFooter/TableFooter.js (1:0): Module level directives cause errors when bundled, "use client" in "node_modules/@mui/material/TableFooter/TableFooter.js" was ignored.[39m
[33mnode_modules/@mui/material/Pagination/Pagination.js (1:0): Module level directives cause errors when bundled, "use client" in "node_modules/@mui/material/Pagination/Pagination.js" was ignored.[39m
[33mnode_modules/@mui/material/Fab/Fab.js (1:0): Module level directives cause errors when bundled, "use client" in "node_modules/@mui/material/Fab/Fab.js" was ignored.[39m
[33mnode_modules/@mui/material/RadioGroup/RadioGroup.js (1:0): Module level directives cause errors when bundled, "use client" in "node_modules/@mui/material/RadioGroup/RadioGroup.js" was ignored.[39m
[33mnode_modules/@mui/material/Paper/Paper.js (1:0): Module level directives cause errors when bundled, "use client" in "node_modules/@mui/material/Paper/Paper.js" was ignored.[39m
[33mnode_modules/@mui/material/Accordion/Accordion.js (1:0): Module level directives cause errors when bundled, "use client" in "node_modules/@mui/material/Accordion/Accordion.js" was ignored.[39m
[33mnode_modules/@mui/material/TablePagination/TablePagination.js (1:0): Module level directives cause errors when bundled, "use client" in "node_modules/@mui/material/TablePagination/TablePagination.js" was ignored.[39m
[33mnode_modules/@mui/material/TableCell/TableCell.js (1:0): Module level directives cause errors when bundled, "use client" in "node_modules/@mui/material/TableCell/TableCell.js" was ignored.[39m
[33mnode_modules/@mui/material/AccordionDetails/AccordionDetails.js (1:0): Module level directives cause errors when bundled, "use client" in "node_modules/@mui/material/AccordionDetails/AccordionDetails.js" was ignored.[39m
[33mnode_modules/@mui/material/Button/Button.js (1:0): Module level directives cause errors when bundled, "use client" in "node_modules/@mui/material/Button/Button.js" was ignored.[39m
[33mnode_modules/@mui/material/PaginationItem/PaginationItem.js (1:0): Module level directives cause errors when bundled, "use client" in "node_modules/@mui/material/PaginationItem/PaginationItem.js" was ignored.[39m
[33mnode_modules/@mui/material/FormControlLabel/FormControlLabel.js (1:0): Module level directives cause errors when bundled, "use client" in "node_modules/@mui/material/FormControlLabel/FormControlLabel.js" was ignored.[39m
[33mnode_modules/@mui/material/Grid/Grid.js (1:0): Module level directives cause errors when bundled, "use client" in "node_modules/@mui/material/Grid/Grid.js" was ignored.[39m
[33mnode_modules/@mui/material/Portal/Portal.js (1:0): Module level directives cause errors when bundled, "use client" in "node_modules/@mui/material/Portal/Portal.js" was ignored.[39m
[33mnode_modules/@mui/material/Skeleton/Skeleton.js (1:0): Module level directives cause errors when bundled, "use client" in "node_modules/@mui/material/Skeleton/Skeleton.js" was ignored.[39m
[33mnode_modules/@mui/material/Alert/Alert.js (1:0): Module level directives cause errors when bundled, "use client" in "node_modules/@mui/material/Alert/Alert.js" was ignored.[39m
[33mnode_modules/@mui/material/Step/Step.js (1:0): Module level directives cause errors when bundled, "use client" in "node_modules/@mui/material/Step/Step.js" was ignored.[39m
[33mnode_modules/@mui/material/ButtonBase/ButtonBase.js (1:0): Module level directives cause errors when bundled, "use client" in "node_modules/@mui/material/ButtonBase/ButtonBase.js" was ignored.[39m
[33mnode_modules/@mui/material/Tooltip/Tooltip.js (1:0): Module level directives cause errors when bundled, "use client" in "node_modules/@mui/material/Tooltip/Tooltip.js" was ignored.[39m
[33mnode_modules/@mui/material/ListItemButton/ListItemButton.js (1:0): Module level directives cause errors when bundled, "use client" in "node_modules/@mui/material/ListItemButton/ListItemButton.js" was ignored.[39m
[33mnode_modules/@mui/material/CardActionArea/CardActionArea.js (1:0): Module level directives cause errors when bundled, "use client" in "node_modules/@mui/material/CardActionArea/CardActionArea.js" was ignored.[39m
[33mnode_modules/@mui/material/ListSubheader/ListSubheader.js (1:0): Module level directives cause errors when bundled, "use client" in "node_modules/@mui/material/ListSubheader/ListSubheader.js" was ignored.[39m
[33mnode_modules/@mui/material/Slide/Slide.js (1:0): Module level directives cause errors when bundled, "use client" in "node_modules/@mui/material/Slide/Slide.js" was ignored.[39m
[33mnode_modules/@mui/material/FilledInput/FilledInput.js (1:0): Module level directives cause errors when bundled, "use client" in "node_modules/@mui/material/FilledInput/FilledInput.js" was ignored.[39m
[33mnode_modules/@mui/material/Stack/Stack.js (1:0): Module level directives cause errors when bundled, "use client" in "node_modules/@mui/material/Stack/Stack.js" was ignored.[39m
[33mnode_modules/@mui/material/Table/Table.js (1:0): Module level directives cause errors when bundled, "use client" in "node_modules/@mui/material/Table/Table.js" was ignored.[39m
[33mnode_modules/@mui/material/CircularProgress/CircularProgress.js (1:0): Module level directives cause errors when bundled, "use client" in "node_modules/@mui/material/CircularProgress/CircularProgress.js" was ignored.[39m
[33mnode_modules/@mui/material/TextareaAutosize/TextareaAutosize.js (1:0): Module level directives cause errors when bundled, "use client" in "node_modules/@mui/material/TextareaAutosize/TextareaAutosize.js" was ignored.[39m
[33mnode_modules/@mui/material/SnackbarContent/SnackbarContent.js (1:0): Module level directives cause errors when bundled, "use client" in "node_modules/@mui/material/SnackbarContent/SnackbarContent.js" was ignored.[39m
[33mnode_modules/@mui/material/StepLabel/StepLabel.js (1:0): Module level directives cause errors when bundled, "use client" in "node_modules/@mui/material/StepLabel/StepLabel.js" was ignored.[39m
[33mnode_modules/@mui/material/Popper/Popper.js (1:0): Module level directives cause errors when bundled, "use client" in "node_modules/@mui/material/Popper/Popper.js" was ignored.[39m
[33mnode_modules/@mui/material/AvatarGroup/AvatarGroup.js (1:0): Module level directives cause errors when bundled, "use client" in "node_modules/@mui/material/AvatarGroup/AvatarGroup.js" was ignored.[39m
[33mnode_modules/@mui/material/useAutocomplete/useAutocomplete.js (1:0): Module level directives cause errors when bundled, "use client" in "node_modules/@mui/material/useAutocomplete/useAutocomplete.js" was ignored.[39m
[33mnode_modules/@mui/material/Input/Input.js (1:0): Module level directives cause errors when bundled, "use client" in "node_modules/@mui/material/Input/Input.js" was ignored.[39m
[33mnode_modules/@mui/material/TableContainer/TableContainer.js (1:0): Module level directives cause errors when bundled, "use client" in "node_modules/@mui/material/TableContainer/TableContainer.js" was ignored.[39m
[33mnode_modules/@mui/material/CardActions/CardActions.js (1:0): Module level directives cause errors when bundled, "use client" in "node_modules/@mui/material/CardActions/CardActions.js" was ignored.[39m
[33mnode_modules/@mui/material/StepConnector/StepConnector.js (1:0): Module level directives cause errors when bundled, "use client" in "node_modules/@mui/material/StepConnector/StepConnector.js" was ignored.[39m
[33mnode_modules/@mui/material/SpeedDialIcon/SpeedDialIcon.js (1:0): Module level directives cause errors when bundled, "use client" in "node_modules/@mui/material/SpeedDialIcon/SpeedDialIcon.js" was ignored.[39m
[33mnode_modules/@mui/material/Unstable_TrapFocus/FocusTrap.js (1:0): Module level directives cause errors when bundled, "use client" in "node_modules/@mui/material/Unstable_TrapFocus/FocusTrap.js" was ignored.[39m
[33mnode_modules/@mui/material/SpeedDialAction/SpeedDialAction.js (1:0): Module level directives cause errors when bundled, "use client" in "node_modules/@mui/material/SpeedDialAction/SpeedDialAction.js" was ignored.[39m
[33mnode_modules/@mui/material/Radio/Radio.js (1:0): Module level directives cause errors when bundled, "use client" in "node_modules/@mui/material/Radio/Radio.js" was ignored.[39m
[33mnode_modules/@mui/material/TableSortLabel/TableSortLabel.js (1:0): Module level directives cause errors when bundled, "use client" in "node_modules/@mui/material/TableSortLabel/TableSortLabel.js" was ignored.[39m
[33mnode_modules/@mui/material/Icon/Icon.js (1:0): Module level directives cause errors when bundled, "use client" in "node_modules/@mui/material/Icon/Icon.js" was ignored.[39m
[33mnode_modules/@mui/material/Snackbar/Snackbar.js (1:0): Module level directives cause errors when bundled, "use client" in "node_modules/@mui/material/Snackbar/Snackbar.js" was ignored.[39m
[33mnode_modules/@mui/material/InputBase/InputBase.js (1:0): Module level directives cause errors when bundled, "use client" in "node_modules/@mui/material/InputBase/InputBase.js" was ignored.[39m
[33mnode_modules/@mui/material/Slider/Slider.js (1:0): Module level directives cause errors when bundled, "use client" in "node_modules/@mui/material/Slider/Slider.js" was ignored.[39m
[33mnode_modules/@mui/material/SvgIcon/SvgIcon.js (1:0): Module level directives cause errors when bundled, "use client" in "node_modules/@mui/material/SvgIcon/SvgIcon.js" was ignored.[39m
[33mnode_modules/@mui/material/ListItem/ListItem.js (1:0): Module level directives cause errors when bundled, "use client" in "node_modules/@mui/material/ListItem/ListItem.js" was ignored.[39m
[33mnode_modules/@mui/material/Tab/Tab.js (1:0): Module level directives cause errors when bundled, "use client" in "node_modules/@mui/material/Tab/Tab.js" was ignored.[39m
[33mnode_modules/@mui/material/Popover/Popover.js (1:0): Module level directives cause errors when bundled, "use client" in "node_modules/@mui/material/Popover/Popover.js" was ignored.[39m
[33mnode_modules/@mui/material/SpeedDial/SpeedDial.js (1:0): Module level directives cause errors when bundled, "use client" in "node_modules/@mui/material/SpeedDial/SpeedDial.js" was ignored.[39m
[33mnode_modules/@mui/material/Select/Select.js (1:0): Module level directives cause errors when bundled, "use client" in "node_modules/@mui/material/Select/Select.js" was ignored.[39m
[33mnode_modules/@mui/material/Zoom/Zoom.js (1:0): Module level directives cause errors when bundled, "use client" in "node_modules/@mui/material/Zoom/Zoom.js" was ignored.[39m
[33mnode_modules/@mui/material/TextField/TextField.js (1:0): Module level directives cause errors when bundled, "use client" in "node_modules/@mui/material/TextField/TextField.js" was ignored.[39m
[33mnode_modules/@mui/material/ToggleButton/ToggleButton.js (1:0): Module level directives cause errors when bundled, "use client" in "node_modules/@mui/material/ToggleButton/ToggleButton.js" was ignored.[39m
[33mnode_modules/@mui/material/TableHead/TableHead.js (1:0): Module level directives cause errors when bundled, "use client" in "node_modules/@mui/material/TableHead/TableHead.js" was ignored.[39m
[33mnode_modules/@mui/material/Rating/Rating.js (1:0): Module level directives cause errors when bundled, "use client" in "node_modules/@mui/material/Rating/Rating.js" was ignored.[39m
[33mnode_modules/@mui/material/SwipeableDrawer/SwipeableDrawer.js (1:0): Module level directives cause errors when bundled, "use client" in "node_modules/@mui/material/SwipeableDrawer/SwipeableDrawer.js" was ignored.[39m
[33mnode_modules/@mui/system/esm/cssVars/useCurrentColorScheme.js (1:0): Module level directives cause errors when bundled, "use client" in "node_modules/@mui/system/esm/cssVars/useCurrentColorScheme.js" was ignored.[39m
[33mnode_modules/@mui/system/esm/Container/Container.js (1:0): Module level directives cause errors when bundled, "use client" in "node_modules/@mui/system/esm/Container/Container.js" was ignored.[39m
[33mnode_modules/@mui/system/esm/GlobalStyles/GlobalStyles.js (1:0): Module level directives cause errors when bundled, "use client" in "node_modules/@mui/system/esm/GlobalStyles/GlobalStyles.js" was ignored.[39m
[33mnode_modules/@mui/system/esm/Box/Box.js (1:0): Module level directives cause errors when bundled, "use client" in "node_modules/@mui/system/esm/Box/Box.js" was ignored.[39m
[33mnode_modules/@mui/material/utils/createSvgIcon.js (1:0): Module level directives cause errors when bundled, "use client" in "node_modules/@mui/material/utils/createSvgIcon.js" was ignored.[39m
[33mnode_modules/@mui/system/esm/ThemeProvider/ThemeProvider.js (1:0): Module level directives cause errors when bundled, "use client" in "node_modules/@mui/system/esm/ThemeProvider/ThemeProvider.js" was ignored.[39m
[33mnode_modules/@mui/system/esm/useMediaQuery/useMediaQuery.js (1:0): Module level directives cause errors when bundled, "use client" in "node_modules/@mui/system/esm/useMediaQuery/useMediaQuery.js" was ignored.[39m
[33mnode_modules/@mui/utils/esm/useId/useId.js (1:0): Module level directives cause errors when bundled, "use client" in "node_modules/@mui/utils/esm/useId/useId.js" was ignored.[39m
[33mnode_modules/@mui/utils/esm/useEventCallback/useEventCallback.js (1:0): Module level directives cause errors when bundled, "use client" in "node_modules/@mui/utils/esm/useEventCallback/useEventCallback.js" was ignored.[39m
[33mnode_modules/@mui/utils/esm/useOnMount/useOnMount.js (1:0): Module level directives cause errors when bundled, "use client" in "node_modules/@mui/utils/esm/useOnMount/useOnMount.js" was ignored.[39m
[33mnode_modules/@mui/utils/esm/useForkRef/useForkRef.js (1:0): Module level directives cause errors when bundled, "use client" in "node_modules/@mui/utils/esm/useForkRef/useForkRef.js" was ignored.[39m
[33mnode_modules/@mui/utils/esm/useLazyRef/useLazyRef.js (1:0): Module level directives cause errors when bundled, "use client" in "node_modules/@mui/utils/esm/useLazyRef/useLazyRef.js" was ignored.[39m
[33mnode_modules/@mui/utils/esm/useIsFocusVisible/useIsFocusVisible.js (1:0): Module level directives cause errors when bundled, "use client" in "node_modules/@mui/utils/esm/useIsFocusVisible/useIsFocusVisible.js" was ignored.[39m
[33mnode_modules/@mui/utils/esm/useTimeout/useTimeout.js (1:0): Module level directives cause errors when bundled, "use client" in "node_modules/@mui/utils/esm/useTimeout/useTimeout.js" was ignored.[39m
[33mnode_modules/@mui/utils/esm/usePreviousProps/usePreviousProps.js (1:0): Module level directives cause errors when bundled, "use client" in "node_modules/@mui/utils/esm/usePreviousProps/usePreviousProps.js" was ignored.[39m
[33mnode_modules/@mui/utils/esm/useEnhancedEffect/useEnhancedEffect.js (1:0): Module level directives cause errors when bundled, "use client" in "node_modules/@mui/utils/esm/useEnhancedEffect/useEnhancedEffect.js" was ignored.[39m
[33mnode_modules/@mui/utils/esm/useSlotProps/useSlotProps.js (1:0): Module level directives cause errors when bundled, "use client" in "node_modules/@mui/utils/esm/useSlotProps/useSlotProps.js" was ignored.[39m
[33mnode_modules/@mui/material/internal/svg-icons/KeyboardArrowLeft.js (1:0): Module level directives cause errors when bundled, "use client" in "node_modules/@mui/material/internal/svg-icons/KeyboardArrowLeft.js" was ignored.[39m
[33mnode_modules/@mui/material/internal/svg-icons/KeyboardArrowRight.js (1:0): Module level directives cause errors when bundled, "use client" in "node_modules/@mui/material/internal/svg-icons/KeyboardArrowRight.js" was ignored.[39m
[33mnode_modules/@mui/material/internal/svg-icons/Cancel.js (1:0): Module level directives cause errors when bundled, "use client" in "node_modules/@mui/material/internal/svg-icons/Cancel.js" was ignored.[39m
[33mnode_modules/@mui/material/internal/svg-icons/ArrowDropDown.js (1:0): Module level directives cause errors when bundled, "use client" in "node_modules/@mui/material/internal/svg-icons/ArrowDropDown.js" was ignored.[39m
[33mnode_modules/@mui/material/internal/svg-icons/Close.js (1:0): Module level directives cause errors when bundled, "use client" in "node_modules/@mui/material/internal/svg-icons/Close.js" was ignored.[39m
[33mnode_modules/@mui/material/Modal/useModal.js (1:0): Module level directives cause errors when bundled, "use client" in "node_modules/@mui/material/Modal/useModal.js" was ignored.[39m
[33mnode_modules/@mui/material/utils/useSlot.js (1:0): Module level directives cause errors when bundled, "use client" in "node_modules/@mui/material/utils/useSlot.js" was ignored.[39m
[33mnode_modules/@mui/material/internal/svg-icons/IndeterminateCheckBox.js (1:0): Module level directives cause errors when bundled, "use client" in "node_modules/@mui/material/internal/svg-icons/IndeterminateCheckBox.js" was ignored.[39m
[33mnode_modules/@mui/material/Badge/useBadge.js (1:0): Module level directives cause errors when bundled, "use client" in "node_modules/@mui/material/Badge/useBadge.js" was ignored.[39m
[33mnode_modules/@mui/material/internal/svg-icons/CheckBox.js (1:0): Module level directives cause errors when bundled, "use client" in "node_modules/@mui/material/internal/svg-icons/CheckBox.js" was ignored.[39m
[33mnode_modules/@mui/material/internal/svg-icons/Person.js (1:0): Module level directives cause errors when bundled, "use client" in "node_modules/@mui/material/internal/svg-icons/Person.js" was ignored.[39m
[33mnode_modules/@mui/material/internal/svg-icons/Warning.js (1:0): Module level directives cause errors when bundled, "use client" in "node_modules/@mui/material/internal/svg-icons/Warning.js" was ignored.[39m
[33mnode_modules/@mui/material/internal/svg-icons/CheckBoxOutlineBlank.js (1:0): Module level directives cause errors when bundled, "use client" in "node_modules/@mui/material/internal/svg-icons/CheckBoxOutlineBlank.js" was ignored.[39m
[33mnode_modules/@mui/material/internal/svg-icons/CheckCircle.js (1:0): Module level directives cause errors when bundled, "use client" in "node_modules/@mui/material/internal/svg-icons/CheckCircle.js" was ignored.[39m
[33mnode_modules/@mui/utils/esm/useControlled/useControlled.js (1:0): Module level directives cause errors when bundled, "use client" in "node_modules/@mui/utils/esm/useControlled/useControlled.js" was ignored.[39m
[33mnode_modules/@mui/styled-engine/StyledEngineProvider/StyledEngineProvider.js (1:0): Module level directives cause errors when bundled, "use client" in "node_modules/@mui/styled-engine/StyledEngineProvider/StyledEngineProvider.js" was ignored.[39m
[33mnode_modules/@mui/material/internal/svg-icons/FirstPage.js (1:0): Module level directives cause errors when bundled, "use client" in "node_modules/@mui/material/internal/svg-icons/FirstPage.js" was ignored.[39m
[33mnode_modules/@mui/material/internal/svg-icons/NavigateNext.js (1:0): Module level directives cause errors when bundled, "use client" in "node_modules/@mui/material/internal/svg-icons/NavigateNext.js" was ignored.[39m
[33mnode_modules/@mui/material/internal/svg-icons/LastPage.js (1:0): Module level directives cause errors when bundled, "use client" in "node_modules/@mui/material/internal/svg-icons/LastPage.js" was ignored.[39m
[33mnode_modules/@mui/material/internal/svg-icons/InfoOutlined.js (1:0): Module level directives cause errors when bundled, "use client" in "node_modules/@mui/material/internal/svg-icons/InfoOutlined.js" was ignored.[39m
[33mnode_modules/@mui/material/internal/svg-icons/NavigateBefore.js (1:0): Module level directives cause errors when bundled, "use client" in "node_modules/@mui/material/internal/svg-icons/NavigateBefore.js" was ignored.[39m
[33mnode_modules/@mui/material/internal/svg-icons/ErrorOutline.js (1:0): Module level directives cause errors when bundled, "use client" in "node_modules/@mui/material/internal/svg-icons/ErrorOutline.js" was ignored.[39m
[33mnode_modules/@mui/material/internal/svg-icons/SuccessOutlined.js (1:0): Module level directives cause errors when bundled, "use client" in "node_modules/@mui/material/internal/svg-icons/SuccessOutlined.js" was ignored.[39m
[33mnode_modules/@mui/material/internal/svg-icons/ReportProblemOutlined.js (1:0): Module level directives cause errors when bundled, "use client" in "node_modules/@mui/material/internal/svg-icons/ReportProblemOutlined.js" was ignored.[39m
[33mnode_modules/@mui/material/internal/svg-icons/Add.js (1:0): Module level directives cause errors when bundled, "use client" in "node_modules/@mui/material/internal/svg-icons/Add.js" was ignored.[39m
[33mnode_modules/@mui/material/internal/svg-icons/ArrowDownward.js (1:0): Module level directives cause errors when bundled, "use client" in "node_modules/@mui/material/internal/svg-icons/ArrowDownward.js" was ignored.[39m
[33mnode_modules/@mui/material/Snackbar/useSnackbar.js (1:0): Module level directives cause errors when bundled, "use client" in "node_modules/@mui/material/Snackbar/useSnackbar.js" was ignored.[39m
[33mnode_modules/@mui/material/internal/svg-icons/Star.js (1:0): Module level directives cause errors when bundled, "use client" in "node_modules/@mui/material/internal/svg-icons/Star.js" was ignored.[39m
[33mnode_modules/@mui/material/internal/svg-icons/StarBorder.js (1:0): Module level directives cause errors when bundled, "use client" in "node_modules/@mui/material/internal/svg-icons/StarBorder.js" was ignored.[39m
[33mnode_modules/@mui/material/Slider/useSlider.js (1:0): Module level directives cause errors when bundled, "use client" in "node_modules/@mui/material/Slider/useSlider.js" was ignored.[39m
[33mnode_modules/@mui/system/esm/ThemeProvider/useLayerOrder.js (1:0): Module level directives cause errors when bundled, "use client" in "node_modules/@mui/system/esm/ThemeProvider/useLayerOrder.js" was ignored.[39m
[33mnode_modules/@mui/material/Table/TableContext.js (1:0): Module level directives cause errors when bundled, "use client" in "node_modules/@mui/material/Table/TableContext.js" was ignored.[39m
[33mnode_modules/@mui/material/ImageList/ImageListContext.js (1:0): Module level directives cause errors when bundled, "use client" in "node_modules/@mui/material/ImageList/ImageListContext.js" was ignored.[39m
[33mnode_modules/@mui/material/List/ListContext.js (1:0): Module level directives cause errors when bundled, "use client" in "node_modules/@mui/material/List/ListContext.js" was ignored.[39m
[33mnode_modules/@mui/styled-engine/GlobalStyles/GlobalStyles.js (1:0): Module level directives cause errors when bundled, "use client" in "node_modules/@mui/styled-engine/GlobalStyles/GlobalStyles.js" was ignored.[39m
[33mnode_modules/@mui/material/SwipeableDrawer/SwipeArea.js (1:0): Module level directives cause errors when bundled, "use client" in "node_modules/@mui/material/SwipeableDrawer/SwipeArea.js" was ignored.[39m
[33mnode_modules/@mui/material/Hidden/HiddenJs.js (1:0): Module level directives cause errors when bundled, "use client" in "node_modules/@mui/material/Hidden/HiddenJs.js" was ignored.[39m
[33mnode_modules/@mui/material/Breadcrumbs/BreadcrumbCollapsed.js (1:0): Module level directives cause errors when bundled, "use client" in "node_modules/@mui/material/Breadcrumbs/BreadcrumbCollapsed.js" was ignored.[39m
[33mnode_modules/@mui/material/Grid/GridContext.js (1:0): Module level directives cause errors when bundled, "use client" in "node_modules/@mui/material/Grid/GridContext.js" was ignored.[39m
[33mnode_modules/@mui/material/Radio/RadioButtonIcon.js (1:0): Module level directives cause errors when bundled, "use client" in "node_modules/@mui/material/Radio/RadioButtonIcon.js" was ignored.[39m
[33mnode_modules/@mui/material/OutlinedInput/NotchedOutline.js (1:0): Module level directives cause errors when bundled, "use client" in "node_modules/@mui/material/OutlinedInput/NotchedOutline.js" was ignored.[39m
[33mnode_modules/@mui/material/Tabs/ScrollbarSize.js (1:0): Module level directives cause errors when bundled, "use client" in "node_modules/@mui/material/Tabs/ScrollbarSize.js" was ignored.[39m
[33mnode_modules/@mui/material/Hidden/HiddenCss.js (1:0): Module level directives cause errors when bundled, "use client" in "node_modules/@mui/material/Hidden/HiddenCss.js" was ignored.[39m
[33mnode_modules/@mui/material/Accordion/AccordionContext.js (1:0): Module level directives cause errors when bundled, "use client" in "node_modules/@mui/material/Accordion/AccordionContext.js" was ignored.[39m
[33mnode_modules/@mui/material/Slider/SliderValueLabel.js (1:0): Module level directives cause errors when bundled, "use client" in "node_modules/@mui/material/Slider/SliderValueLabel.js" was ignored.[39m
[33mnode_modules/@mui/material/NativeSelect/NativeSelectInput.js (1:0): Module level directives cause errors when bundled, "use client" in "node_modules/@mui/material/NativeSelect/NativeSelectInput.js" was ignored.[39m
[33mnode_modules/@mui/material/TablePagination/TablePaginationActions.js (1:0): Module level directives cause errors when bundled, "use client" in "node_modules/@mui/material/TablePagination/TablePaginationActions.js" was ignored.[39m
[33mnode_modules/@mui/material/internal/SwitchBase.js (1:0): Module level directives cause errors when bundled, "use client" in "node_modules/@mui/material/internal/SwitchBase.js" was ignored.[39m
[33mnode_modules/@mui/material/Popper/BasePopper.js (1:0): Module level directives cause errors when bundled, "use client" in "node_modules/@mui/material/Popper/BasePopper.js" was ignored.[39m
[33mnode_modules/@mui/material/ButtonBase/TouchRipple.js (1:0): Module level directives cause errors when bundled, "use client" in "node_modules/@mui/material/ButtonBase/TouchRipple.js" was ignored.[39m
[33mnode_modules/@mui/material/Select/SelectInput.js (1:0): Module level directives cause errors when bundled, "use client" in "node_modules/@mui/material/Select/SelectInput.js" was ignored.[39m
[33mnode_modules/@mui/system/esm/DefaultPropsProvider/DefaultPropsProvider.js (1:0): Module level directives cause errors when bundled, "use client" in "node_modules/@mui/system/esm/DefaultPropsProvider/DefaultPropsProvider.js" was ignored.[39m
[33mnode_modules/@mui/material/internal/svg-icons/RadioButtonChecked.js (1:0): Module level directives cause errors when bundled, "use client" in "node_modules/@mui/material/internal/svg-icons/RadioButtonChecked.js" was ignored.[39m
[33mnode_modules/@mui/material/internal/svg-icons/MoreHoriz.js (1:0): Module level directives cause errors when bundled, "use client" in "node_modules/@mui/material/internal/svg-icons/MoreHoriz.js" was ignored.[39m
[33mnode_modules/@mui/material/internal/svg-icons/RadioButtonUnchecked.js (1:0): Module level directives cause errors when bundled, "use client" in "node_modules/@mui/material/internal/svg-icons/RadioButtonUnchecked.js" was ignored.[39m
[33mnode_modules/@mui/material/ButtonBase/Ripple.js (1:0): Module level directives cause errors when bundled, "use client" in "node_modules/@mui/material/ButtonBase/Ripple.js" was ignored.[39m
[32m✓[39m 933 modules transformed.
rendering chunks...
computing gzip size...
[2mdist/[22m[32mindex.html                         [39m[1m[2m  0.60 kB[22m[1m[22m[2m │ gzip:   0.36 kB[22m
[2mdist/[22m[32massets/favicon-16x16-CIRXOn9G.png  [39m[1m[2m  0.78 kB[22m[1m[22m
[2mdist/[22m[32massets/favicon-32x32-CDA6qPHo.png  [39m[1m[2m  1.61 kB[22m[1m[22m
[2mdist/[22m[35massets/index-BzCySvPk.css          [39m[1m[2m  0.22 kB[22m[1m[22m[2m │ gzip:   0.17 kB[22m
[2mdist/[22m[36massets/index-C3Qs2gKz.js           [39m[1m[2m429.45 kB[22m[1m[22m[2m │ gzip: 135.43 kB[22m
[32m✓ built in 1.96s[39m
